Archive member included to satisfy reference by file (symbol)

/home/adivanced/st/stm32cubeide_1.12.0/plugins/com.st.stm32cube.ide.mcu.externaltools.gnu-tools-for-stm32.10.3-2021.10.linux64_1.0.200.202301161003/tools/bin/../lib/gcc/arm-none-eabi/10.3.1/../../../../arm-none-eabi/lib/thumb/v7e-m+fp/hard/libc_nano.a(lib_a-errno.o)
                              ./Core/Src/syscalls.o (__errno)
/home/adivanced/st/stm32cubeide_1.12.0/plugins/com.st.stm32cube.ide.mcu.externaltools.gnu-tools-for-stm32.10.3-2021.10.linux64_1.0.200.202301161003/tools/bin/../lib/gcc/arm-none-eabi/10.3.1/../../../../arm-none-eabi/lib/thumb/v7e-m+fp/hard/libc_nano.a(lib_a-exit.o)
                              /home/adivanced/st/stm32cubeide_1.12.0/plugins/com.st.stm32cube.ide.mcu.externaltools.gnu-tools-for-stm32.10.3-2021.10.linux64_1.0.200.202301161003/tools/bin/../lib/gcc/arm-none-eabi/10.3.1/../../../../arm-none-eabi/lib/thumb/v7e-m+fp/hard/crt0.o (exit)
/home/adivanced/st/stm32cubeide_1.12.0/plugins/com.st.stm32cube.ide.mcu.externaltools.gnu-tools-for-stm32.10.3-2021.10.linux64_1.0.200.202301161003/tools/bin/../lib/gcc/arm-none-eabi/10.3.1/../../../../arm-none-eabi/lib/thumb/v7e-m+fp/hard/libc_nano.a(lib_a-impure.o)
                              /home/adivanced/st/stm32cubeide_1.12.0/plugins/com.st.stm32cube.ide.mcu.externaltools.gnu-tools-for-stm32.10.3-2021.10.linux64_1.0.200.202301161003/tools/bin/../lib/gcc/arm-none-eabi/10.3.1/../../../../arm-none-eabi/lib/thumb/v7e-m+fp/hard/libc_nano.a(lib_a-exit.o) (_global_impure_ptr)
/home/adivanced/st/stm32cubeide_1.12.0/plugins/com.st.stm32cube.ide.mcu.externaltools.gnu-tools-for-stm32.10.3-2021.10.linux64_1.0.200.202301161003/tools/bin/../lib/gcc/arm-none-eabi/10.3.1/../../../../arm-none-eabi/lib/thumb/v7e-m+fp/hard/libc_nano.a(lib_a-init.o)
                              /home/adivanced/st/stm32cubeide_1.12.0/plugins/com.st.stm32cube.ide.mcu.externaltools.gnu-tools-for-stm32.10.3-2021.10.linux64_1.0.200.202301161003/tools/bin/../lib/gcc/arm-none-eabi/10.3.1/../../../../arm-none-eabi/lib/thumb/v7e-m+fp/hard/crt0.o (__libc_init_array)
/home/adivanced/st/stm32cubeide_1.12.0/plugins/com.st.stm32cube.ide.mcu.externaltools.gnu-tools-for-stm32.10.3-2021.10.linux64_1.0.200.202301161003/tools/bin/../lib/gcc/arm-none-eabi/10.3.1/../../../../arm-none-eabi/lib/thumb/v7e-m+fp/hard/libc_nano.a(lib_a-memset.o)
                              /home/adivanced/st/stm32cubeide_1.12.0/plugins/com.st.stm32cube.ide.mcu.externaltools.gnu-tools-for-stm32.10.3-2021.10.linux64_1.0.200.202301161003/tools/bin/../lib/gcc/arm-none-eabi/10.3.1/../../../../arm-none-eabi/lib/thumb/v7e-m+fp/hard/crt0.o (memset)
/home/adivanced/st/stm32cubeide_1.12.0/plugins/com.st.stm32cube.ide.mcu.externaltools.gnu-tools-for-stm32.10.3-2021.10.linux64_1.0.200.202301161003/tools/bin/../lib/gcc/arm-none-eabi/10.3.1/../../../../arm-none-eabi/lib/thumb/v7e-m+fp/hard/libc_nano.a(lib_a-strlen.o)
                              ./Core/Src/main.o (strlen)
/home/adivanced/st/stm32cubeide_1.12.0/plugins/com.st.stm32cube.ide.mcu.externaltools.gnu-tools-for-stm32.10.3-2021.10.linux64_1.0.200.202301161003/tools/bin/../lib/gcc/arm-none-eabi/10.3.1/thumb/v7e-m+fp/hard/libgcc.a(_aeabi_uldivmod.o)
                              ./Drivers/STM32F7xx_HAL_Driver/Src/stm32f7xx_hal_rcc.o (__aeabi_uldivmod)
/home/adivanced/st/stm32cubeide_1.12.0/plugins/com.st.stm32cube.ide.mcu.externaltools.gnu-tools-for-stm32.10.3-2021.10.linux64_1.0.200.202301161003/tools/bin/../lib/gcc/arm-none-eabi/10.3.1/thumb/v7e-m+fp/hard/libgcc.a(_udivmoddi4.o)
                              /home/adivanced/st/stm32cubeide_1.12.0/plugins/com.st.stm32cube.ide.mcu.externaltools.gnu-tools-for-stm32.10.3-2021.10.linux64_1.0.200.202301161003/tools/bin/../lib/gcc/arm-none-eabi/10.3.1/thumb/v7e-m+fp/hard/libgcc.a(_aeabi_uldivmod.o) (__udivmoddi4)
/home/adivanced/st/stm32cubeide_1.12.0/plugins/com.st.stm32cube.ide.mcu.externaltools.gnu-tools-for-stm32.10.3-2021.10.linux64_1.0.200.202301161003/tools/bin/../lib/gcc/arm-none-eabi/10.3.1/thumb/v7e-m+fp/hard/libgcc.a(_dvmd_tls.o)
                              /home/adivanced/st/stm32cubeide_1.12.0/plugins/com.st.stm32cube.ide.mcu.externaltools.gnu-tools-for-stm32.10.3-2021.10.linux64_1.0.200.202301161003/tools/bin/../lib/gcc/arm-none-eabi/10.3.1/thumb/v7e-m+fp/hard/libgcc.a(_aeabi_uldivmod.o) (__aeabi_ldiv0)

Discarded input sections

 .text          0x0000000000000000        0x0 /home/adivanced/st/stm32cubeide_1.12.0/plugins/com.st.stm32cube.ide.mcu.externaltools.gnu-tools-for-stm32.10.3-2021.10.linux64_1.0.200.202301161003/tools/bin/../lib/gcc/arm-none-eabi/10.3.1/thumb/v7e-m+fp/hard/crti.o
 .data          0x0000000000000000        0x0 /home/adivanced/st/stm32cubeide_1.12.0/plugins/com.st.stm32cube.ide.mcu.externaltools.gnu-tools-for-stm32.10.3-2021.10.linux64_1.0.200.202301161003/tools/bin/../lib/gcc/arm-none-eabi/10.3.1/thumb/v7e-m+fp/hard/crti.o
[...]
Memory Configuration

Name             Origin             Length             Attributes
RAM              0x0000000020000000 0x0000000000050000 xrw
FLASH            0x0000000008000000 0x0000000000100000 xr
*default*        0x0000000000000000 0xffffffffffffffff

Linker script and memory map

LOAD /home/adivanced/st/stm32cubeide_1.12.0/plugins/com.st.stm32cube.ide.mcu.externaltools.gnu-tools-for-stm32.10.3-2021.10.linux64_1.0.200.202301161003/tools/bin/../lib/gcc/arm-none-eabi/10.3.1/thumb/v7e-m+fp/hard/crti.o
LOAD /home/adivanced/st/stm32cubeide_1.12.0/plugins/com.st.stm32cube.ide.mcu.externaltools.gnu-tools-for-stm32.10.3-2021.10.linux64_1.0.200.202301161003/tools/bin/../lib/gcc/arm-none-eabi/10.3.1/thumb/v7e-m+fp/hard/crtbegin.o
LOAD /home/adivanced/st/stm32cubeide_1.12.0/plugins/com.st.stm32cube.ide.mcu.externaltools.gnu-tools-for-stm32.10.3-2021.10.linux64_1.0.200.202301161003/tools/bin/../lib/gcc/arm-none-eabi/10.3.1/../../../../arm-none-eabi/lib/thumb/v7e-m+fp/hard/crt0.o
LOAD ./Core/Src/main.o
LOAD ./Core/Src/stm32f7xx_hal_msp.o
LOAD ./Core/Src/stm32f7xx_it.o
LOAD ./Core/Src/syscalls.o
LOAD ./Core/Src/sysmem.o
LOAD ./Core/Src/system_stm32f7xx.o
LOAD ./Core/Startup/startup_stm32f746nghx.o
LOAD ./Drivers/STM32F7xx_HAL_Driver/Src/stm32f7xx_hal.o
LOAD ./Drivers/STM32F7xx_HAL_Driver/Src/stm32f7xx_hal_cortex.o
LOAD ./Drivers/STM32F7xx_HAL_Driver/Src/stm32f7xx_hal_dma.o
LOAD ./Drivers/STM32F7xx_HAL_Driver/Src/stm32f7xx_hal_dma_ex.o
LOAD ./Drivers/STM32F7xx_HAL_Driver/Src/stm32f7xx_hal_dsi.o
LOAD ./Drivers/STM32F7xx_HAL_Driver/Src/stm32f7xx_hal_exti.o
LOAD ./Drivers/STM32F7xx_HAL_Driver/Src/stm32f7xx_hal_flash.o
LOAD ./Drivers/STM32F7xx_HAL_Driver/Src/stm32f7xx_hal_flash_ex.o
LOAD ./Drivers/STM32F7xx_HAL_Driver/Src/stm32f7xx_hal_gpio.o
LOAD ./Drivers/STM32F7xx_HAL_Driver/Src/stm32f7xx_hal_i2c.o
LOAD ./Drivers/STM32F7xx_HAL_Driver/Src/stm32f7xx_hal_i2c_ex.o
LOAD ./Drivers/STM32F7xx_HAL_Driver/Src/stm32f7xx_hal_ltdc.o
LOAD ./Drivers/STM32F7xx_HAL_Driver/Src/stm32f7xx_hal_ltdc_ex.o
LOAD ./Drivers/STM32F7xx_HAL_Driver/Src/stm32f7xx_hal_pwr.o
LOAD ./Drivers/STM32F7xx_HAL_Driver/Src/stm32f7xx_hal_pwr_ex.o
LOAD ./Drivers/STM32F7xx_HAL_Driver/Src/stm32f7xx_hal_rcc.o
LOAD ./Drivers/STM32F7xx_HAL_Driver/Src/stm32f7xx_hal_rcc_ex.o
LOAD ./Drivers/STM32F7xx_HAL_Driver/Src/stm32f7xx_hal_tim.o
LOAD ./Drivers/STM32F7xx_HAL_Driver/Src/stm32f7xx_hal_tim_ex.o
START GROUP
LOAD /home/adivanced/st/stm32cubeide_1.12.0/plugins/com.st.stm32cube.ide.mcu.externaltools.gnu-tools-for-stm32.10.3-2021.10.linux64_1.0.200.202301161003/tools/bin/../lib/gcc/arm-none-eabi/10.3.1/../../../../arm-none-eabi/lib/thumb/v7e-m+fp/hard/libc_nano.a
LOAD /home/adivanced/st/stm32cubeide_1.12.0/plugins/com.st.stm32cube.ide.mcu.externaltools.gnu-tools-for-stm32.10.3-2021.10.linux64_1.0.200.202301161003/tools/bin/../lib/gcc/arm-none-eabi/10.3.1/../../../../arm-none-eabi/lib/thumb/v7e-m+fp/hard/libm.a
END GROUP
START GROUP
LOAD /home/adivanced/st/stm32cubeide_1.12.0/plugins/com.st.stm32cube.ide.mcu.externaltools.gnu-tools-for-stm32.10.3-2021.10.linux64_1.0.200.202301161003/tools/bin/../lib/gcc/arm-none-eabi/10.3.1/thumb/v7e-m+fp/hard/libgcc.a
LOAD /home/adivanced/st/stm32cubeide_1.12.0/plugins/com.st.stm32cube.ide.mcu.externaltools.gnu-tools-for-stm32.10.3-2021.10.linux64_1.0.200.202301161003/tools/bin/../lib/gcc/arm-none-eabi/10.3.1/../../../../arm-none-eabi/lib/thumb/v7e-m+fp/hard/libc_nano.a
END GROUP
START GROUP
LOAD /home/adivanced/st/stm32cubeide_1.12.0/plugins/com.st.stm32cube.ide.mcu.externaltools.gnu-tools-for-stm32.10.3-2021.10.linux64_1.0.200.202301161003/tools/bin/../lib/gcc/arm-none-eabi/10.3.1/thumb/v7e-m+fp/hard/libgcc.a
LOAD /home/adivanced/st/stm32cubeide_1.12.0/plugins/com.st.stm32cube.ide.mcu.externaltools.gnu-tools-for-stm32.10.3-2021.10.linux64_1.0.200.202301161003/tools/bin/../lib/gcc/arm-none-eabi/10.3.1/../../../../arm-none-eabi/lib/thumb/v7e-m+fp/hard/libc_nano.a
LOAD /home/adivanced/st/stm32cubeide_1.12.0/plugins/com.st.stm32cube.ide.mcu.externaltools.gnu-tools-for-stm32.10.3-2021.10.linux64_1.0.200.202301161003/tools/bin/../lib/gcc/arm-none-eabi/10.3.1/../../../../arm-none-eabi/lib/thumb/v7e-m+fp/hard/libnosys.a
END GROUP
START GROUP
LOAD /home/adivanced/st/stm32cubeide_1.12.0/plugins/com.st.stm32cube.ide.mcu.externaltools.gnu-tools-for-stm32.10.3-2021.10.linux64_1.0.200.202301161003/tools/bin/../lib/gcc/arm-none-eabi/10.3.1/thumb/v7e-m+fp/hard/libgcc.a
LOAD /home/adivanced/st/stm32cubeide_1.12.0/plugins/com.st.stm32cube.ide.mcu.externaltools.gnu-tools-for-stm32.10.3-2021.10.linux64_1.0.200.202301161003/tools/bin/../lib/gcc/arm-none-eabi/10.3.1/../../../../arm-none-eabi/lib/thumb/v7e-m+fp/hard/libc_nano.a
LOAD /home/adivanced/st/stm32cubeide_1.12.0/plugins/com.st.stm32cube.ide.mcu.externaltools.gnu-tools-for-stm32.10.3-2021.10.linux64_1.0.200.202301161003/tools/bin/../lib/gcc/arm-none-eabi/10.3.1/../../../../arm-none-eabi/lib/thumb/v7e-m+fp/hard/libnosys.a
END GROUP
LOAD /home/adivanced/st/stm32cubeide_1.12.0/plugins/com.st.stm32cube.ide.mcu.externaltools.gnu-tools-for-stm32.10.3-2021.10.linux64_1.0.200.202301161003/tools/bin/../lib/gcc/arm-none-eabi/10.3.1/thumb/v7e-m+fp/hard/crtend.o
LOAD /home/adivanced/st/stm32cubeide_1.12.0/plugins/com.st.stm32cube.ide.mcu.externaltools.gnu-tools-for-stm32.10.3-2021.10.linux64_1.0.200.202301161003/tools/bin/../lib/gcc/arm-none-eabi/10.3.1/thumb/v7e-m+fp/hard/crtn.o
                0x0000000020050000                _estack = (ORIGIN (RAM) + LENGTH (RAM))
                0x0000000000000200                _Min_Heap_Size = 0x200
                0x0000000000000400                _Min_Stack_Size = 0x400

.isr_vector     0x0000000008000000      0x1c8
                0x0000000008000000                . = ALIGN (0x4)
 *(.isr_vector)
 .isr_vector    0x0000000008000000      0x1c8 ./Core/Startup/startup_stm32f746nghx.o
                0x0000000008000000                g_pfnVectors
                0x00000000080001c8                . = ALIGN (0x4)

.text           0x00000000080001c8     0x5a34
                0x00000000080001c8                . = ALIGN (0x4)
 *(.text)
 .text          0x00000000080001c8       0x40 /home/adivanced/st/stm32cubeide_1.12.0/plugins/com.st.stm32cube.ide.mcu.externaltools.gnu-tools-for-stm32.10.3-2021.10.linux64_1.0.200.202301161003/tools/bin/../lib/gcc/arm-none-eabi/10.3.1/thumb/v7e-m+fp/hard/crtbegin.o
 .text          0x0000000008000208       0x10 /home/adivanced/st/stm32cubeide_1.12.0/plugins/com.st.stm32cube.ide.mcu.externaltools.gnu-tools-for-stm32.10.3-2021.10.linux64_1.0.200.202301161003/tools/bin/../lib/gcc/arm-none-eabi/10.3.1/../../../../arm-none-eabi/lib/thumb/v7e-m+fp/hard/libc_nano.a(lib_a-strlen.o)
                0x0000000008000208                strlen
 .text          0x0000000008000218       0x30 /home/adivanced/st/stm32cubeide_1.12.0/plugins/com.st.stm32cube.ide.mcu.externaltools.gnu-tools-for-stm32.10.3-2021.10.linux64_1.0.200.202301161003/tools/bin/../lib/gcc/arm-none-eabi/10.3.1/thumb/v7e-m+fp/hard/libgcc.a(_aeabi_uldivmod.o)
                0x0000000008000218                __aeabi_uldivmod
 .text          0x0000000008000248      0x2d0 /home/adivanced/st/stm32cubeide_1.12.0/plugins/com.st.stm32cube.ide.mcu.externaltools.gnu-tools-for-stm32.10.3-2021.10.linux64_1.0.200.202301161003/tools/bin/../lib/gcc/arm-none-eabi/10.3.1/thumb/v7e-m+fp/hard/libgcc.a(_udivmoddi4.o)
                0x0000000008000248                __udivmoddi4
 .text          0x0000000008000518        0x4 /home/adivanced/st/stm32cubeide_1.12.0/plugins/com.st.stm32cube.ide.mcu.externaltools.gnu-tools-for-stm32.10.3-2021.10.linux64_1.0.200.202301161003/tools/bin/../lib/gcc/arm-none-eabi/10.3.1/thumb/v7e-m+fp/hard/libgcc.a(_dvmd_tls.o)
                0x0000000008000518                __aeabi_ldiv0
                0x0000000008000518                __aeabi_idiv0
 *(.text*)
 .text.keyboard_GPIO_init
                0x000000000800051c       0xc4 ./Core/Src/main.o
                0x000000000800051c                keyboard_GPIO_init
 .text.get_current_keyboard_state
                0x00000000080005e0      0x570 ./Core/Src/main.o
                0x00000000080005e0                get_current_keyboard_state
 .text.spinner_GPIO_init
                0x0000000008000b50       0x68 ./Core/Src/main.o
                0x0000000008000b50                spinner_GPIO_init
 .text.get_current_spinner_button_state
                0x0000000008000bb8       0x6c ./Core/Src/main.o
                0x0000000008000bb8                get_current_spinner_button_state
 .text.get_spinner_position_change
                0x0000000008000c24      0x144 ./Core/Src/main.o
                0x0000000008000c24                get_spinner_position_change
 .text.switch_GPIO_init
                0x0000000008000d68       0x38 ./Core/Src/main.o
                0x0000000008000d68                switch_GPIO_init
 .text.get_current_switch_state
                0x0000000008000da0       0x38 ./Core/Src/main.o
                0x0000000008000da0                get_current_switch_state
 .text.print_rectangle
                0x0000000008000dd8       0x68 ./Core/Src/main.o
                0x0000000008000dd8                print_rectangle
 .text.print_rectangle_empty
                0x0000000008000e40       0xb8 ./Core/Src/main.o
                0x0000000008000e40                print_rectangle_empty
 .text.print_char
                0x0000000008000ef8      0x158 ./Core/Src/main.o
                0x0000000008000ef8                print_char
 .text.print_char_scaled
                0x0000000008001050      0x22c ./Core/Src/main.o
                0x0000000008001050                print_char_scaled
 .text.print_char_scaled_y
                0x000000000800127c      0x1c8 ./Core/Src/main.o
                0x000000000800127c                print_char_scaled_y
 .text.print_string
                0x0000000008001444       0x4c ./Core/Src/main.o
                0x0000000008001444                print_string
 .text.print_string_scaled
                0x0000000008001490       0x5e ./Core/Src/main.o
                0x0000000008001490                print_string_scaled
 .text.print_string_scaled_y
                0x00000000080014ee       0x52 ./Core/Src/main.o
                0x00000000080014ee                print_string_scaled_y
 .text.fill_screen
                0x0000000008001540       0x3c ./Core/Src/main.o
                0x0000000008001540                fill_screen
 .text.print_number
                0x000000000800157c       0xe4 ./Core/Src/main.o
                0x000000000800157c                print_number
 .text.print_fat_rectangle
                0x0000000008001660       0x5e ./Core/Src/main.o
                0x0000000008001660                print_fat_rectangle
 *fill*         0x00000000080016be        0x2 
 .text.state_machine
                0x00000000080016c0     0x1700 ./Core/Src/main.o
                0x00000000080016c0                state_machine
 .text.main     0x0000000008002dc0       0x34 ./Core/Src/main.o
                0x0000000008002dc0                main
 .text.SystemClock_Config
                0x0000000008002df4       0xd8 ./Core/Src/main.o
                0x0000000008002df4                SystemClock_Config
 .text.MX_LTDC_Init
                0x0000000008002ecc      0x104 ./Core/Src/main.o
 .text.MX_GPIO_Init
                0x0000000008002fd0      0x89c ./Core/Src/main.o
 .text.Error_Handler
                0x000000000800386c        0xa ./Core/Src/main.o
                0x000000000800386c                Error_Handler
 *fill*         0x0000000008003876        0x2 
 .text.HAL_MspInit
                0x0000000008003878       0x48 ./Core/Src/stm32f7xx_hal_msp.o
                0x0000000008003878                HAL_MspInit
 .text.HAL_LTDC_MspInit
                0x00000000080038c0      0x210 ./Core/Src/stm32f7xx_hal_msp.o
                0x00000000080038c0                HAL_LTDC_MspInit
 .text.NMI_Handler
                0x0000000008003ad0        0x6 ./Core/Src/stm32f7xx_it.o
                0x0000000008003ad0                NMI_Handler
 .text.HardFault_Handler
                0x0000000008003ad6        0x6 ./Core/Src/stm32f7xx_it.o
                0x0000000008003ad6                HardFault_Handler
 .text.MemManage_Handler
                0x0000000008003adc        0x6 ./Core/Src/stm32f7xx_it.o
                0x0000000008003adc                MemManage_Handler
 .text.BusFault_Handler
                0x0000000008003ae2        0x6 ./Core/Src/stm32f7xx_it.o
                0x0000000008003ae2                BusFault_Handler
 .text.UsageFault_Handler
                0x0000000008003ae8        0x6 ./Core/Src/stm32f7xx_it.o
                0x0000000008003ae8                UsageFault_Handler
 .text.SVC_Handler
                0x0000000008003aee        0xe ./Core/Src/stm32f7xx_it.o
                0x0000000008003aee                SVC_Handler
 .text.DebugMon_Handler
                0x0000000008003afc        0xe ./Core/Src/stm32f7xx_it.o
                0x0000000008003afc                DebugMon_Handler
 .text.PendSV_Handler
                0x0000000008003b0a        0xe ./Core/Src/stm32f7xx_it.o
                0x0000000008003b0a                PendSV_Handler
 .text.SysTick_Handler
                0x0000000008003b18       0x1c ./Core/Src/stm32f7xx_it.o
                0x0000000008003b18                SysTick_Handler
 .text.LTDC_IRQHandler
                0x0000000008003b34       0x14 ./Core/Src/stm32f7xx_it.o
                0x0000000008003b34                LTDC_IRQHandler
 .text.LTDC_ER_IRQHandler
                0x0000000008003b48       0x14 ./Core/Src/stm32f7xx_it.o
                0x0000000008003b48                LTDC_ER_IRQHandler
 .text.SystemInit
                0x0000000008003b5c       0x24 ./Core/Src/system_stm32f7xx.o
                0x0000000008003b5c                SystemInit
 .text.Reset_Handler
                0x0000000008003b80       0x50 ./Core/Startup/startup_stm32f746nghx.o
                0x0000000008003b80                Reset_Handler
 .text.Default_Handler
                0x0000000008003bd0        0x2 ./Core/Startup/startup_stm32f746nghx.o
                0x0000000008003bd0                RTC_Alarm_IRQHandler
                0x0000000008003bd0                EXTI2_IRQHandler
                0x0000000008003bd0                TIM8_CC_IRQHandler
                0x0000000008003bd0                UART8_IRQHandler
                0x0000000008003bd0                SPI4_IRQHandler
                0x0000000008003bd0                TIM1_CC_IRQHandler
                0x0000000008003bd0                DMA2_Stream5_IRQHandler
                0x0000000008003bd0                DMA1_Stream5_IRQHandler
                0x0000000008003bd0                PVD_IRQHandler
                0x0000000008003bd0                TAMP_STAMP_IRQHandler
                0x0000000008003bd0                CAN2_RX1_IRQHandler
                0x0000000008003bd0                EXTI3_IRQHandler
                0x0000000008003bd0                TIM8_TRG_COM_TIM14_IRQHandler
                0x0000000008003bd0                TIM1_UP_TIM10_IRQHandler
                0x0000000008003bd0                TIM8_UP_TIM13_IRQHandler
                0x0000000008003bd0                I2C3_ER_IRQHandler
                0x0000000008003bd0                EXTI0_IRQHandler
                0x0000000008003bd0                I2C2_EV_IRQHandler
                0x0000000008003bd0                DMA1_Stream2_IRQHandler
                0x0000000008003bd0                CAN1_RX0_IRQHandler
                0x0000000008003bd0                FPU_IRQHandler
                0x0000000008003bd0                OTG_HS_WKUP_IRQHandler
                0x0000000008003bd0                CAN2_SCE_IRQHandler
                0x0000000008003bd0                DMA2_Stream2_IRQHandler
                0x0000000008003bd0                SPI1_IRQHandler
                0x0000000008003bd0                TIM6_DAC_IRQHandler
                0x0000000008003bd0                TIM1_BRK_TIM9_IRQHandler
                0x0000000008003bd0                DCMI_IRQHandler
                0x0000000008003bd0                CAN2_RX0_IRQHandler
                0x0000000008003bd0                DMA2_Stream3_IRQHandler
                0x0000000008003bd0                SAI2_IRQHandler
                0x0000000008003bd0                USART6_IRQHandler
                0x0000000008003bd0                USART3_IRQHandler
                0x0000000008003bd0                CAN1_RX1_IRQHandler
                0x0000000008003bd0                UART5_IRQHandler
                0x0000000008003bd0                DMA2_Stream0_IRQHandler
                0x0000000008003bd0                TIM4_IRQHandler
                0x0000000008003bd0                QUADSPI_IRQHandler
                0x0000000008003bd0                I2C1_EV_IRQHandler
                0x0000000008003bd0                DMA1_Stream6_IRQHandler
                0x0000000008003bd0                DMA1_Stream1_IRQHandler
                0x0000000008003bd0                UART4_IRQHandler
                0x0000000008003bd0                TIM3_IRQHandler
                0x0000000008003bd0                RCC_IRQHandler
                0x0000000008003bd0                TIM8_BRK_TIM12_IRQHandler
                0x0000000008003bd0                Default_Handler
                0x0000000008003bd0                CEC_IRQHandler
                0x0000000008003bd0                EXTI15_10_IRQHandler
                0x0000000008003bd0                ADC_IRQHandler
                0x0000000008003bd0                DMA1_Stream7_IRQHandler
                0x0000000008003bd0                SPI5_IRQHandler
                0x0000000008003bd0                TIM7_IRQHandler
                0x0000000008003bd0                SDMMC1_IRQHandler
                0x0000000008003bd0                CAN2_TX_IRQHandler
                0x0000000008003bd0                TIM5_IRQHandler
                0x0000000008003bd0                DMA2_Stream7_IRQHandler
                0x0000000008003bd0                I2C3_EV_IRQHandler
                0x0000000008003bd0                EXTI9_5_IRQHandler
                0x0000000008003bd0                RTC_WKUP_IRQHandler
                0x0000000008003bd0                ETH_WKUP_IRQHandler
                0x0000000008003bd0                SPDIF_RX_IRQHandler
                0x0000000008003bd0                SPI2_IRQHandler
                0x0000000008003bd0                OTG_HS_EP1_IN_IRQHandler
                0x0000000008003bd0                DMA1_Stream0_IRQHandler
                0x0000000008003bd0                CAN1_TX_IRQHandler
                0x0000000008003bd0                EXTI4_IRQHandler
                0x0000000008003bd0                RNG_IRQHandler
                0x0000000008003bd0                ETH_IRQHandler
                0x0000000008003bd0                OTG_HS_EP1_OUT_IRQHandler
                0x0000000008003bd0                WWDG_IRQHandler
                0x0000000008003bd0                SPI6_IRQHandler
                0x0000000008003bd0                I2C4_EV_IRQHandler
                0x0000000008003bd0                TIM2_IRQHandler
                0x0000000008003bd0                OTG_FS_WKUP_IRQHandler
                0x0000000008003bd0                TIM1_TRG_COM_TIM11_IRQHandler
                0x0000000008003bd0                OTG_HS_IRQHandler
                0x0000000008003bd0                DMA2D_IRQHandler
                0x0000000008003bd0                EXTI1_IRQHandler
                0x0000000008003bd0                UART7_IRQHandler
                0x0000000008003bd0                USART2_IRQHandler
                0x0000000008003bd0                I2C2_ER_IRQHandler
                0x0000000008003bd0                DMA2_Stream1_IRQHandler
                0x0000000008003bd0                CAN1_SCE_IRQHandler
                0x0000000008003bd0                FLASH_IRQHandler
                0x0000000008003bd0                DMA2_Stream4_IRQHandler
                0x0000000008003bd0                USART1_IRQHandler
                0x0000000008003bd0                OTG_FS_IRQHandler
                0x0000000008003bd0                SPI3_IRQHandler
                0x0000000008003bd0                DMA1_Stream4_IRQHandler
                0x0000000008003bd0                I2C1_ER_IRQHandler
                0x0000000008003bd0                FMC_IRQHandler
                0x0000000008003bd0                LPTIM1_IRQHandler
                0x0000000008003bd0                I2C4_ER_IRQHandler
                0x0000000008003bd0                DMA2_Stream6_IRQHandler
                0x0000000008003bd0                SAI1_IRQHandler
                0x0000000008003bd0                DMA1_Stream3_IRQHandler
 .text.HAL_Init
                0x0000000008003bd2       0x1a ./Drivers/STM32F7xx_HAL_Driver/Src/stm32f7xx_hal.o
                0x0000000008003bd2                HAL_Init
 .text.HAL_InitTick
                0x0000000008003bec       0x60 ./Drivers/STM32F7xx_HAL_Driver/Src/stm32f7xx_hal.o
                0x0000000008003bec                HAL_InitTick
 .text.HAL_IncTick
                0x0000000008003c4c       0x28 ./Drivers/STM32F7xx_HAL_Driver/Src/stm32f7xx_hal.o
                0x0000000008003c4c                HAL_IncTick
 .text.HAL_GetTick
                0x0000000008003c74       0x18 ./Drivers/STM32F7xx_HAL_Driver/Src/stm32f7xx_hal.o
                0x0000000008003c74                HAL_GetTick
 .text.HAL_Delay
                0x0000000008003c8c       0x48 ./Drivers/STM32F7xx_HAL_Driver/Src/stm32f7xx_hal.o
                0x0000000008003c8c                HAL_Delay
 .text.__NVIC_SetPriorityGrouping
                0x0000000008003cd4       0x48 ./Drivers/STM32F7xx_HAL_Driver/Src/stm32f7xx_hal_cortex.o
 .text.__NVIC_GetPriorityGrouping
                0x0000000008003d1c       0x1c ./Drivers/STM32F7xx_HAL_Driver/Src/stm32f7xx_hal_cortex.o
 .text.__NVIC_EnableIRQ
                0x0000000008003d38       0x3c ./Drivers/STM32F7xx_HAL_Driver/Src/stm32f7xx_hal_cortex.o
 .text.__NVIC_SetPriority
                0x0000000008003d74       0x54 ./Drivers/STM32F7xx_HAL_Driver/Src/stm32f7xx_hal_cortex.o
 .text.NVIC_EncodePriority
                0x0000000008003dc8       0x66 ./Drivers/STM32F7xx_HAL_Driver/Src/stm32f7xx_hal_cortex.o
 *fill*         0x0000000008003e2e        0x2 
 .text.SysTick_Config
                0x0000000008003e30       0x44 ./Drivers/STM32F7xx_HAL_Driver/Src/stm32f7xx_hal_cortex.o
 .text.HAL_NVIC_SetPriorityGrouping
                0x0000000008003e74       0x16 ./Drivers/STM32F7xx_HAL_Driver/Src/stm32f7xx_hal_cortex.o
                0x0000000008003e74                HAL_NVIC_SetPriorityGrouping
 .text.HAL_NVIC_SetPriority
                0x0000000008003e8a       0x38 ./Drivers/STM32F7xx_HAL_Driver/Src/stm32f7xx_hal_cortex.o
                0x0000000008003e8a                HAL_NVIC_SetPriority
 .text.HAL_NVIC_EnableIRQ
                0x0000000008003ec2       0x1c ./Drivers/STM32F7xx_HAL_Driver/Src/stm32f7xx_hal_cortex.o
                0x0000000008003ec2                HAL_NVIC_EnableIRQ
 .text.HAL_SYSTICK_Config
                0x0000000008003ede       0x18 ./Drivers/STM32F7xx_HAL_Driver/Src/stm32f7xx_hal_cortex.o
                0x0000000008003ede                HAL_SYSTICK_Config
 *fill*         0x0000000008003ef6        0x2 
 .text.HAL_GPIO_Init
                0x0000000008003ef8      0x358 ./Drivers/STM32F7xx_HAL_Driver/Src/stm32f7xx_hal_gpio.o
                0x0000000008003ef8                HAL_GPIO_Init
 .text.HAL_GPIO_ReadPin
                0x0000000008004250       0x30 ./Drivers/STM32F7xx_HAL_Driver/Src/stm32f7xx_hal_gpio.o
                0x0000000008004250                HAL_GPIO_ReadPin
 .text.HAL_GPIO_WritePin
                0x0000000008004280       0x32 ./Drivers/STM32F7xx_HAL_Driver/Src/stm32f7xx_hal_gpio.o
                0x0000000008004280                HAL_GPIO_WritePin
 *fill*         0x00000000080042b2        0x2 
 .text.HAL_LTDC_Init
                0x00000000080042b4      0x1a0 ./Drivers/STM32F7xx_HAL_Driver/Src/stm32f7xx_hal_ltdc.o
                0x00000000080042b4                HAL_LTDC_Init
 .text.HAL_LTDC_IRQHandler
                0x0000000008004454      0x148 ./Drivers/STM32F7xx_HAL_Driver/Src/stm32f7xx_hal_ltdc.o
                0x0000000008004454                HAL_LTDC_IRQHandler
 .text.HAL_LTDC_ErrorCallback
                0x000000000800459c       0x14 ./Drivers/STM32F7xx_HAL_Driver/Src/stm32f7xx_hal_ltdc.o
                0x000000000800459c                HAL_LTDC_ErrorCallback
 .text.HAL_LTDC_LineEventCallback
                0x00000000080045b0       0x14 ./Drivers/STM32F7xx_HAL_Driver/Src/stm32f7xx_hal_ltdc.o
                0x00000000080045b0                HAL_LTDC_LineEventCallback
 .text.HAL_LTDC_ReloadEventCallback
                0x00000000080045c4       0x14 ./Drivers/STM32F7xx_HAL_Driver/Src/stm32f7xx_hal_ltdc.o
                0x00000000080045c4                HAL_LTDC_ReloadEventCallback
 .text.HAL_LTDC_ConfigLayer
                0x00000000080045d8       0x7c ./Drivers/STM32F7xx_HAL_Driver/Src/stm32f7xx_hal_ltdc.o
                0x00000000080045d8                HAL_LTDC_ConfigLayer
 .text.HAL_LTDC_SetAlpha
                0x0000000008004654       0x6c ./Drivers/STM32F7xx_HAL_Driver/Src/stm32f7xx_hal_ltdc.o
                0x0000000008004654                HAL_LTDC_SetAlpha
 .text.HAL_LTDC_SetAddress
                0x00000000080046c0       0x6c ./Drivers/STM32F7xx_HAL_Driver/Src/stm32f7xx_hal_ltdc.o
                0x00000000080046c0                HAL_LTDC_SetAddress
 .text.LTDC_SetConfig
                0x000000000800472c      0x334 ./Drivers/STM32F7xx_HAL_Driver/Src/stm32f7xx_hal_ltdc.o
 .text.HAL_PWREx_EnableOverDrive
                0x0000000008004a60       0xa0 ./Drivers/STM32F7xx_HAL_Driver/Src/stm32f7xx_hal_pwr_ex.o
                0x0000000008004a60                HAL_PWREx_EnableOverDrive
 .text.HAL_RCC_OscConfig
                0x0000000008004b00      0x548 ./Drivers/STM32F7xx_HAL_Driver/Src/stm32f7xx_hal_rcc.o
                0x0000000008004b00                HAL_RCC_OscConfig
 .text.HAL_RCC_ClockConfig
                0x0000000008005048      0x1d8 ./Drivers/STM32F7xx_HAL_Driver/Src/stm32f7xx_hal_rcc.o
                0x0000000008005048                HAL_RCC_ClockConfig
 .text.HAL_RCC_GetSysClockFreq
                0x0000000008005220      0x18c ./Drivers/STM32F7xx_HAL_Driver/Src/stm32f7xx_hal_rcc.o
                0x0000000008005220                HAL_RCC_GetSysClockFreq
 .text.HAL_RCCEx_PeriphCLKConfig
                0x00000000080053ac      0x7e0 ./Drivers/STM32F7xx_HAL_Driver/Src/stm32f7xx_hal_rcc_ex.o
                0x00000000080053ac                HAL_RCCEx_PeriphCLKConfig
 .text.__libc_init_array
                0x0000000008005b8c       0x48 /home/adivanced/st/stm32cubeide_1.12.0/plugins/com.st.stm32cube.ide.mcu.externaltools.gnu-tools-for-stm32.10.3-2021.10.linux64_1.0.200.202301161003/tools/bin/../lib/gcc/arm-none-eabi/10.3.1/../../../../arm-none-eabi/lib/thumb/v7e-m+fp/hard/libc_nano.a(lib_a-init.o)
                0x0000000008005b8c                __libc_init_array
 .text.memset   0x0000000008005bd4       0x10 /home/adivanced/st/stm32cubeide_1.12.0/plugins/com.st.stm32cube.ide.mcu.externaltools.gnu-tools-for-stm32.10.3-2021.10.linux64_1.0.200.202301161003/tools/bin/../lib/gcc/arm-none-eabi/10.3.1/../../../../arm-none-eabi/lib/thumb/v7e-m+fp/hard/libc_nano.a(lib_a-memset.o)
                0x0000000008005bd4                memset
 *(.glue_7)
 .glue_7        0x0000000008005be4        0x0 linker stubs
 *(.glue_7t)
 .glue_7t       0x0000000008005be4        0x0 linker stubs
 *(.eh_frame)
 .eh_frame      0x0000000008005be4        0x0 /home/adivanced/st/stm32cubeide_1.12.0/plugins/com.st.stm32cube.ide.mcu.externaltools.gnu-tools-for-stm32.10.3-2021.10.linux64_1.0.200.202301161003/tools/bin/../lib/gcc/arm-none-eabi/10.3.1/thumb/v7e-m+fp/hard/crtbegin.o
 *(.init)
 .init          0x0000000008005be4        0x4 /home/adivanced/st/stm32cubeide_1.12.0/plugins/com.st.stm32cube.ide.mcu.externaltools.gnu-tools-for-stm32.10.3-2021.10.linux64_1.0.200.202301161003/tools/bin/../lib/gcc/arm-none-eabi/10.3.1/thumb/v7e-m+fp/hard/crti.o
                0x0000000008005be4                _init
 .init          0x0000000008005be8        0x8 /home/adivanced/st/stm32cubeide_1.12.0/plugins/com.st.stm32cube.ide.mcu.externaltools.gnu-tools-for-stm32.10.3-2021.10.linux64_1.0.200.202301161003/tools/bin/../lib/gcc/arm-none-eabi/10.3.1/thumb/v7e-m+fp/hard/crtn.o
 *(.fini)
 .fini          0x0000000008005bf0        0x4 /home/adivanced/st/stm32cubeide_1.12.0/plugins/com.st.stm32cube.ide.mcu.externaltools.gnu-tools-for-stm32.10.3-2021.10.linux64_1.0.200.202301161003/tools/bin/../lib/gcc/arm-none-eabi/10.3.1/thumb/v7e-m+fp/hard/crti.o
                0x0000000008005bf0                _fini
 .fini          0x0000000008005bf4        0x8 /home/adivanced/st/stm32cubeide_1.12.0/plugins/com.st.stm32cube.ide.mcu.externaltools.gnu-tools-for-stm32.10.3-2021.10.linux64_1.0.200.202301161003/tools/bin/../lib/gcc/arm-none-eabi/10.3.1/thumb/v7e-m+fp/hard/crtn.o
                0x0000000008005bfc                . = ALIGN (0x4)
                0x0000000008005bfc                _etext = .

.vfp11_veneer   0x0000000008005bfc        0x0
 .vfp11_veneer  0x0000000008005bfc        0x0 linker stubs

.v4_bx          0x0000000008005bfc        0x0
 .v4_bx         0x0000000008005bfc        0x0 linker stubs

.iplt           0x0000000008005bfc        0x0
 .iplt          0x0000000008005bfc        0x0 /home/adivanced/st/stm32cubeide_1.12.0/plugins/com.st.stm32cube.ide.mcu.externaltools.gnu-tools-for-stm32.10.3-2021.10.linux64_1.0.200.202301161003/tools/bin/../lib/gcc/arm-none-eabi/10.3.1/thumb/v7e-m+fp/hard/crtbegin.o

.rodata         0x0000000008005bfc       0x10
                0x0000000008005bfc                . = ALIGN (0x4)
 *(.rodata)
 *(.rodata*)
 .rodata.AHBPrescTable
                0x0000000008005bfc       0x10 ./Core/Src/system_stm32f7xx.o
                0x0000000008005bfc                AHBPrescTable
                0x0000000008005c0c                . = ALIGN (0x4)

.ARM.extab      0x0000000008005c0c        0x0
                0x0000000008005c0c                . = ALIGN (0x4)
 *(.ARM.extab* .gnu.linkonce.armextab.*)
                0x0000000008005c0c                . = ALIGN (0x4)

.ARM            0x0000000008005c0c        0x8
                0x0000000008005c0c                . = ALIGN (0x4)
                0x0000000008005c0c                __exidx_start = .
 *(.ARM.exidx*)
 .ARM.exidx     0x0000000008005c0c        0x8 /home/adivanced/st/stm32cubeide_1.12.0/plugins/com.st.stm32cube.ide.mcu.externaltools.gnu-tools-for-stm32.10.3-2021.10.linux64_1.0.200.202301161003/tools/bin/../lib/gcc/arm-none-eabi/10.3.1/thumb/v7e-m+fp/hard/libgcc.a(_udivmoddi4.o)
                0x0000000008005c14                __exidx_end = .
                0x0000000008005c14                . = ALIGN (0x4)

.rel.dyn        0x0000000008005c14        0x0
 .rel.iplt      0x0000000008005c14        0x0 /home/adivanced/st/stm32cubeide_1.12.0/plugins/com.st.stm32cube.ide.mcu.externaltools.gnu-tools-for-stm32.10.3-2021.10.linux64_1.0.200.202301161003/tools/bin/../lib/gcc/arm-none-eabi/10.3.1/thumb/v7e-m+fp/hard/crtbegin.o

.preinit_array  0x0000000008005c14        0x0
                0x0000000008005c14                . = ALIGN (0x4)
                0x0000000008005c14                PROVIDE (__preinit_array_start = .)
 *(.preinit_array*)
                0x0000000008005c14                PROVIDE (__preinit_array_end = .)
                0x0000000008005c14                . = ALIGN (0x4)

.init_array     0x0000000008005c14        0x4
                0x0000000008005c14                . = ALIGN (0x4)
                0x0000000008005c14                PROVIDE (__init_array_start = .)
 *(SORT_BY_NAME(.init_array.*))
 *(.init_array*)
 .init_array    0x0000000008005c14        0x4 /home/adivanced/st/stm32cubeide_1.12.0/plugins/com.st.stm32cube.ide.mcu.externaltools.gnu-tools-for-stm32.10.3-2021.10.linux64_1.0.200.202301161003/tools/bin/../lib/gcc/arm-none-eabi/10.3.1/thumb/v7e-m+fp/hard/crtbegin.o
                0x0000000008005c18                PROVIDE (__init_array_end = .)
                0x0000000008005c18                . = ALIGN (0x4)

.fini_array     0x0000000008005c18        0x4
                0x0000000008005c18                . = ALIGN (0x4)
                [!provide]                        PROVIDE (__fini_array_start = .)
 *(SORT_BY_NAME(.fini_array.*))
 *(.fini_array*)
 .fini_array    0x0000000008005c18        0x4 /home/adivanced/st/stm32cubeide_1.12.0/plugins/com.st.stm32cube.ide.mcu.externaltools.gnu-tools-for-stm32.10.3-2021.10.linux64_1.0.200.202301161003/tools/bin/../lib/gcc/arm-none-eabi/10.3.1/thumb/v7e-m+fp/hard/crtbegin.o
                [!provide]                        PROVIDE (__fini_array_end = .)
                0x0000000008005c1c                . = ALIGN (0x4)
                0x0000000008005c1c                _sidata = LOADADDR (.data)

.data           0x0000000020000000     0x1a38 load address 0x0000000008005c1c
                0x0000000020000000                . = ALIGN (0x4)
                0x0000000020000000                _sdata = .
 *(.data)
 *(.data*)
 .data.spinner_position
                0x0000000020000000        0x4 ./Core/Src/main.o
                0x0000000020000000                spinner_position
 .data.Font_12x16_Data
                0x0000000020000004     0x1800 ./Core/Src/main.o
 .data.cur_alpha
                0x0000000020001804        0x4 ./Core/Src/main.o
                0x0000000020001804                cur_alpha
 .data.alpha_vals
                0x0000000020001808        0xc ./Core/Src/main.o
                0x0000000020001808                alpha_vals
 .data.state1_string
                0x0000000020001814       0x14 ./Core/Src/main.o
                0x0000000020001814                state1_string
 .data.state2_string
                0x0000000020001828       0x16 ./Core/Src/main.o
                0x0000000020001828                state2_string
 *fill*         0x000000002000183e        0x2 
 .data.state3_string
                0x0000000020001840       0x1a ./Core/Src/main.o
                0x0000000020001840                state3_string
 *fill*         0x000000002000185a        0x2 
 .data.state4_string
                0x000000002000185c        0x5 ./Core/Src/main.o
                0x000000002000185c                state4_string
 *fill*         0x0000000020001861        0x3 
 .data.state5_string
                0x0000000020001864       0x15 ./Core/Src/main.o
                0x0000000020001864                state5_string
 *fill*         0x0000000020001879        0x3 
 .data.state6_string
                0x000000002000187c        0xb ./Core/Src/main.o
                0x000000002000187c                state6_string
 *fill*         0x0000000020001887        0x1 
 .data.state7_string
                0x0000000020001888       0x17 ./Core/Src/main.o
                0x0000000020001888                state7_string
 *fill*         0x000000002000189f        0x1 
 .data.state8_string
                0x00000000200018a0        0xa ./Core/Src/main.o
                0x00000000200018a0                state8_string
 *fill*         0x00000000200018aa        0x2 
 .data.state9_string
                0x00000000200018ac        0xe ./Core/Src/main.o
                0x00000000200018ac                state9_string
 *fill*         0x00000000200018ba        0x2 
 .data.state10_string
                0x00000000200018bc       0x14 ./Core/Src/main.o
                0x00000000200018bc                state10_string
 .data.state11_string
                0x00000000200018d0       0x1f ./Core/Src/main.o
                0x00000000200018d0                state11_string
 *fill*         0x00000000200018ef        0x1 
 .data.state12_string
                0x00000000200018f0       0x22 ./Core/Src/main.o
                0x00000000200018f0                state12_string
 *fill*         0x0000000020001912        0x2 
 .data.state13_string
                0x0000000020001914       0x1d ./Core/Src/main.o
                0x0000000020001914                state13_string
 *fill*         0x0000000020001931        0x3 
 .data.state14_string
                0x0000000020001934       0x12 ./Core/Src/main.o
                0x0000000020001934                state14_string
 *fill*         0x0000000020001946        0x2 
 .data.state15_string
                0x0000000020001948       0x15 ./Core/Src/main.o
                0x0000000020001948                state15_string
 *fill*         0x000000002000195d        0x3 
 .data.state16_string
                0x0000000020001960       0x14 ./Core/Src/main.o
                0x0000000020001960                state16_string
 .data.state17_string
                0x0000000020001974       0x22 ./Core/Src/main.o
                0x0000000020001974                state17_string
 *fill*         0x0000000020001996        0x2 
 .data.state10_string_2
                0x0000000020001998        0x9 ./Core/Src/main.o
                0x0000000020001998                state10_string_2
 *fill*         0x00000000200019a1        0x3 
 .data.state11_string_2
                0x00000000200019a4        0x9 ./Core/Src/main.o
                0x00000000200019a4                state11_string_2
 *fill*         0x00000000200019ad        0x3 
 .data.state12_string_2
                0x00000000200019b0        0xd ./Core/Src/main.o
                0x00000000200019b0                state12_string_2
 *fill*         0x00000000200019bd        0x3 
 .data.state12_string_3
                0x00000000200019c0       0x17 ./Core/Src/main.o
                0x00000000200019c0                state12_string_3
 *fill*         0x00000000200019d7        0x1 
 .data.state12_string_4
                0x00000000200019d8       0x15 ./Core/Src/main.o
                0x00000000200019d8                state12_string_4
 *fill*         0x00000000200019ed        0x3 
 .data.state13_string_2
                0x00000000200019f0        0x9 ./Core/Src/main.o
                0x00000000200019f0                state13_string_2
 *fill*         0x00000000200019f9        0x3 
 .data.state14_string_2
                0x00000000200019fc        0x8 ./Core/Src/main.o
                0x00000000200019fc                state14_string_2
 .data.state15_string_2
                0x0000000020001a04       0x10 ./Core/Src/main.o
                0x0000000020001a04                state15_string_2
 .data.state16_string_2
                0x0000000020001a14        0x8 ./Core/Src/main.o
                0x0000000020001a14                state16_string_2
 .data.state17_string_2
                0x0000000020001a1c        0x6 ./Core/Src/main.o
                0x0000000020001a1c                state17_string_2
 *fill*         0x0000000020001a22        0x2 
 .data.need_out
                0x0000000020001a24        0x4 ./Core/Src/main.o
                0x0000000020001a24                need_out
 .data.system_angle
                0x0000000020001a28        0x4 ./Core/Src/main.o
                0x0000000020001a28                system_angle
 .data.SystemCoreClock
                0x0000000020001a2c        0x4 ./Core/Src/system_stm32f7xx.o
                0x0000000020001a2c                SystemCoreClock
 .data.uwTickPrio
                0x0000000020001a30        0x4 ./Drivers/STM32F7xx_HAL_Driver/Src/stm32f7xx_hal.o
                0x0000000020001a30                uwTickPrio
 .data.uwTickFreq
                0x0000000020001a34        0x1 ./Drivers/STM32F7xx_HAL_Driver/Src/stm32f7xx_hal.o
                0x0000000020001a34                uwTickFreq
 *(.RamFunc)
 *(.RamFunc*)
                0x0000000020001a38                . = ALIGN (0x4)
 *fill*         0x0000000020001a35        0x3 
                0x0000000020001a38                _edata = .

.igot.plt       0x0000000020001a38        0x0 load address 0x0000000008007654
 .igot.plt      0x0000000020001a38        0x0 /home/adivanced/st/stm32cubeide_1.12.0/plugins/com.st.stm32cube.ide.mcu.externaltools.gnu-tools-for-stm32.10.3-2021.10.linux64_1.0.200.202301161003/tools/bin/../lib/gcc/arm-none-eabi/10.3.1/thumb/v7e-m+fp/hard/crtbegin.o
                0x0000000020001a38                . = ALIGN (0x4)

.bss            0x0000000020001a38    0x3f5ac load address 0x0000000008007654
                0x0000000020001a38                _sbss = .
                0x0000000020001a38                __bss_start__ = _sbss
 *(.bss)
 .bss           0x0000000020001a38       0x1c /home/adivanced/st/stm32cubeide_1.12.0/plugins/com.st.stm32cube.ide.mcu.externaltools.gnu-tools-for-stm32.10.3-2021.10.linux64_1.0.200.202301161003/tools/bin/../lib/gcc/arm-none-eabi/10.3.1/thumb/v7e-m+fp/hard/crtbegin.o
 *(.bss*)
 .bss.key_count
                0x0000000020001a54       0x30 ./Core/Src/main.o
                0x0000000020001a54                key_count
 .bss.stage     0x0000000020001a84        0x4 ./Core/Src/main.o
                0x0000000020001a84                stage
 .bss.keyboard_state
                0x0000000020001a88        0x2 ./Core/Src/main.o
                0x0000000020001a88                keyboard_state
 *fill*         0x0000000020001a8a        0x2 
 .bss.spinner_button_state
                0x0000000020001a8c        0x4 ./Core/Src/main.o
                0x0000000020001a8c                spinner_button_state
 .bss.spinner_button_count
                0x0000000020001a90        0x4 ./Core/Src/main.o
                0x0000000020001a90                spinner_button_count
 .bss.spinner_stage
                0x0000000020001a94        0x4 ./Core/Src/main.o
                0x0000000020001a94                spinner_stage
 .bss.pluscnt   0x0000000020001a98        0x4 ./Core/Src/main.o
                0x0000000020001a98                pluscnt
 .bss.minuscnt  0x0000000020001a9c        0x4 ./Core/Src/main.o
                0x0000000020001a9c                minuscnt
 .bss.switch_state
                0x0000000020001aa0        0x4 ./Core/Src/main.o
                0x0000000020001aa0                switch_state
 .bss.framebuf  0x0000000020001aa4    0x3f480 ./Core/Src/main.o
                0x0000000020001aa4                framebuf
 .bss.just_changed_brightness
                0x0000000020040f24        0x4 ./Core/Src/main.o
                0x0000000020040f24                just_changed_brightness
 .bss.system_state
                0x0000000020040f28        0x4 ./Core/Src/main.o
                0x0000000020040f28                system_state
 .bss.state_progress
                0x0000000020040f2c        0x4 ./Core/Src/main.o
                0x0000000020040f2c                state_progress
 .bss.mem_sp_st
                0x0000000020040f30        0x4 ./Core/Src/main.o
                0x0000000020040f30                mem_sp_st
 .bss.hltdc     0x0000000020040f34       0xa8 ./Core/Src/main.o
                0x0000000020040f34                hltdc
 .bss.state_time.0
                0x0000000020040fdc        0x4 ./Core/Src/main.o
 .bss.uwTick    0x0000000020040fe0        0x4 ./Drivers/STM32F7xx_HAL_Driver/Src/stm32f7xx_hal.o
                0x0000000020040fe0                uwTick
 *(COMMON)
                0x0000000020040fe4                . = ALIGN (0x4)
                0x0000000020040fe4                _ebss = .
                0x0000000020040fe4                __bss_end__ = _ebss

._user_heap_stack
                0x0000000020040fe4      0x604 load address 0x0000000008007654
                0x0000000020040fe8                . = ALIGN (0x8)
 *fill*         0x0000000020040fe4        0x4 
                [!provide]                        PROVIDE (end = .)
                0x0000000020040fe8                PROVIDE (_end = .)
                0x00000000200411e8                . = (. + _Min_Heap_Size)
 *fill*         0x0000000020040fe8      0x200 
                0x00000000200415e8                . = (. + _Min_Stack_Size)
 *fill*         0x00000000200411e8      0x400 
                0x00000000200415e8                . = ALIGN (0x8)

/DISCARD/
 libc.a(*)
 libm.a(*)
 libgcc.a(*)

.ARM.attributes
                0x0000000000000000       0x30
 *(.ARM.attributes)
 .ARM.attributes
                0x0000000000000000       0x1e /home/adivanced/st/stm32cubeide_1.12.0/plugins/com.st.stm32cube.ide.mcu.externaltools.gnu-tools-for-stm32.10.3-2021.10.linux64_1.0.200.202301161003/tools/bin/../lib/gcc/arm-none-eabi/10.3.1/thumb/v7e-m+fp/hard/crti.o
 .ARM.attributes
                0x000000000000001e       0x34 /home/adivanced/st/stm32cubeide_1.12.0/plugins/com.st.stm32cube.ide.mcu.externaltools.gnu-tools-for-stm32.10.3-2021.10.linux64_1.0.200.202301161003/tools/bin/../lib/gcc/arm-none-eabi/10.3.1/thumb/v7e-m+fp/hard/crtbegin.o
 .ARM.attributes
                0x0000000000000052       0x34 ./Core/Src/main.o
 .ARM.attributes
                0x0000000000000086       0x34 ./Core/Src/stm32f7xx_hal_msp.o
 .ARM.attributes
                0x00000000000000ba       0x34 ./Core/Src/stm32f7xx_it.o
 .ARM.attributes
                0x00000000000000ee       0x34 ./Core/Src/system_stm32f7xx.o
 .ARM.attributes
                0x0000000000000122       0x21 ./Core/Startup/startup_stm32f746nghx.o
 .ARM.attributes
                0x0000000000000143       0x34 ./Drivers/STM32F7xx_HAL_Driver/Src/stm32f7xx_hal.o
 .ARM.attributes
                0x0000000000000177       0x34 ./Drivers/STM32F7xx_HAL_Driver/Src/stm32f7xx_hal_cortex.o
 .ARM.attributes
                0x00000000000001ab       0x34 ./Drivers/STM32F7xx_HAL_Driver/Src/stm32f7xx_hal_gpio.o
 .ARM.attributes
                0x00000000000001df       0x34 ./Drivers/STM32F7xx_HAL_Driver/Src/stm32f7xx_hal_ltdc.o
 .ARM.attributes
                0x0000000000000213       0x34 ./Drivers/STM32F7xx_HAL_Driver/Src/stm32f7xx_hal_pwr_ex.o
 .ARM.attributes
                0x0000000000000247       0x34 ./Drivers/STM32F7xx_HAL_Driver/Src/stm32f7xx_hal_rcc.o
 .ARM.attributes
                0x000000000000027b       0x34 ./Drivers/STM32F7xx_HAL_Driver/Src/stm32f7xx_hal_rcc_ex.o
 .ARM.attributes
                0x00000000000002af       0x34 /home/adivanced/st/stm32cubeide_1.12.0/plugins/com.st.stm32cube.ide.mcu.externaltools.gnu-tools-for-stm32.10.3-2021.10.linux64_1.0.200.202301161003/tools/bin/../lib/gcc/arm-none-eabi/10.3.1/../../../../arm-none-eabi/lib/thumb/v7e-m+fp/hard/libc_nano.a(lib_a-init.o)
 .ARM.attributes
                0x00000000000002e3       0x34 /home/adivanced/st/stm32cubeide_1.12.0/plugins/com.st.stm32cube.ide.mcu.externaltools.gnu-tools-for-stm32.10.3-2021.10.linux64_1.0.200.202301161003/tools/bin/../lib/gcc/arm-none-eabi/10.3.1/../../../../arm-none-eabi/lib/thumb/v7e-m+fp/hard/libc_nano.a(lib_a-memset.o)
 .ARM.attributes
                0x0000000000000317       0x17 /home/adivanced/st/stm32cubeide_1.12.0/plugins/com.st.stm32cube.ide.mcu.externaltools.gnu-tools-for-stm32.10.3-2021.10.linux64_1.0.200.202301161003/tools/bin/../lib/gcc/arm-none-eabi/10.3.1/../../../../arm-none-eabi/lib/thumb/v7e-m+fp/hard/libc_nano.a(lib_a-strlen.o)
 .ARM.attributes
                0x000000000000032e       0x1e /home/adivanced/st/stm32cubeide_1.12.0/plugins/com.st.stm32cube.ide.mcu.externaltools.gnu-tools-for-stm32.10.3-2021.10.linux64_1.0.200.202301161003/tools/bin/../lib/gcc/arm-none-eabi/10.3.1/thumb/v7e-m+fp/hard/libgcc.a(_aeabi_uldivmod.o)
 .ARM.attributes
                0x000000000000034c       0x34 /home/adivanced/st/stm32cubeide_1.12.0/plugins/com.st.stm32cube.ide.mcu.externaltools.gnu-tools-for-stm32.10.3-2021.10.linux64_1.0.200.202301161003/tools/bin/../lib/gcc/arm-none-eabi/10.3.1/thumb/v7e-m+fp/hard/libgcc.a(_udivmoddi4.o)
 .ARM.attributes
                0x0000000000000380       0x1e /home/adivanced/st/stm32cubeide_1.12.0/plugins/com.st.stm32cube.ide.mcu.externaltools.gnu-tools-for-stm32.10.3-2021.10.linux64_1.0.200.202301161003/tools/bin/../lib/gcc/arm-none-eabi/10.3.1/thumb/v7e-m+fp/hard/libgcc.a(_dvmd_tls.o)
 .ARM.attributes
                0x000000000000039e       0x1e /home/adivanced/st/stm32cubeide_1.12.0/plugins/com.st.stm32cube.ide.mcu.externaltools.gnu-tools-for-stm32.10.3-2021.10.linux64_1.0.200.202301161003/tools/bin/../lib/gcc/arm-none-eabi/10.3.1/thumb/v7e-m+fp/hard/crtn.o
OUTPUT(imitator-2.elf elf32-littlearm)
LOAD linker stubs
LOAD /home/adivanced/st/stm32cubeide_1.12.0/plugins/com.st.stm32cube.ide.mcu.externaltools.gnu-tools-for-stm32.10.3-2021.10.linux64_1.0.200.202301161003/tools/bin/../lib/gcc/arm-none-eabi/10.3.1/../../../../arm-none-eabi/lib/thumb/v7e-m+fp/hard/libc.a
LOAD /home/adivanced/st/stm32cubeide_1.12.0/plugins/com.st.stm32cube.ide.mcu.externaltools.gnu-tools-for-stm32.10.3-2021.10.linux64_1.0.200.202301161003/tools/bin/../lib/gcc/arm-none-eabi/10.3.1/../../../../arm-none-eabi/lib/thumb/v7e-m+fp/hard/libm.a
LOAD /home/adivanced/st/stm32cubeide_1.12.0/plugins/com.st.stm32cube.ide.mcu.externaltools.gnu-tools-for-stm32.10.3-2021.10.linux64_1.0.200.202301161003/tools/bin/../lib/gcc/arm-none-eabi/10.3.1/thumb/v7e-m+fp/hard/libgcc.a

.debug_info     0x0000000000000000     0x8679
 .debug_info    0x0000000000000000     0x1d32 ./Core/Src/main.o
 .debug_info    0x0000000000001d32      0xe52 ./Core/Src/stm32f7xx_hal_msp.o
 .debug_info    0x0000000000002b84      0x5fd ./Core/Src/stm32f7xx_it.o
 .debug_info    0x0000000000003181      0x72c ./Core/Src/system_stm32f7xx.o
 .debug_info    0x00000000000038ad       0x22 ./Core/Startup/startup_stm32f746nghx.o
 .debug_info    0x00000000000038cf      0xa0c ./Drivers/STM32F7xx_HAL_Driver/Src/stm32f7xx_hal.o
 .debug_info    0x00000000000042db     0x108f ./Drivers/STM32F7xx_HAL_Driver/Src/stm32f7xx_hal_cortex.o
 .debug_info    0x000000000000536a      0x794 ./Drivers/STM32F7xx_HAL_Driver/Src/stm32f7xx_hal_gpio.o
 .debug_info    0x0000000000005afe     0x114d ./Drivers/STM32F7xx_HAL_Driver/Src/stm32f7xx_hal_ltdc.o
 .debug_info    0x0000000000006c4b      0x92e ./Drivers/STM32F7xx_HAL_Driver/Src/stm32f7xx_hal_pwr_ex.o
 .debug_info    0x0000000000007579      0x99c ./Drivers/STM32F7xx_HAL_Driver/Src/stm32f7xx_hal_rcc.o
 .debug_info    0x0000000000007f15      0x764 ./Drivers/STM32F7xx_HAL_Driver/Src/stm32f7xx_hal_rcc_ex.o

.debug_abbrev   0x0000000000000000     0x16ae
 .debug_abbrev  0x0000000000000000      0x303 ./Core/Src/main.o
 .debug_abbrev  0x0000000000000303      0x1bb ./Core/Src/stm32f7xx_hal_msp.o
 .debug_abbrev  0x00000000000004be      0x1aa ./Core/Src/stm32f7xx_it.o
 .debug_abbrev  0x0000000000000668      0x136 ./Core/Src/system_stm32f7xx.o
 .debug_abbrev  0x000000000000079e       0x12 ./Core/Startup/startup_stm32f746nghx.o
 .debug_abbrev  0x00000000000007b0      0x20d ./Drivers/STM32F7xx_HAL_Driver/Src/stm32f7xx_hal.o
 .debug_abbrev  0x00000000000009bd      0x30d ./Drivers/STM32F7xx_HAL_Driver/Src/stm32f7xx_hal_cortex.o
 .debug_abbrev  0x0000000000000cca      0x1c4 ./Drivers/STM32F7xx_HAL_Driver/Src/stm32f7xx_hal_gpio.o
 .debug_abbrev  0x0000000000000e8e      0x221 ./Drivers/STM32F7xx_HAL_Driver/Src/stm32f7xx_hal_ltdc.o
 .debug_abbrev  0x00000000000010af      0x1cb ./Drivers/STM32F7xx_HAL_Driver/Src/stm32f7xx_hal_pwr_ex.o
 .debug_abbrev  0x000000000000127a      0x27b ./Drivers/STM32F7xx_HAL_Driver/Src/stm32f7xx_hal_rcc.o
 .debug_abbrev  0x00000000000014f5      0x1b9 ./Drivers/STM32F7xx_HAL_Driver/Src/stm32f7xx_hal_rcc_ex.o

.debug_aranges  0x0000000000000000      0x708
 .debug_aranges
                0x0000000000000000       0xe8 ./Core/Src/main.o
 .debug_aranges
                0x00000000000000e8       0x30 ./Core/Src/stm32f7xx_hal_msp.o
 .debug_aranges
                0x0000000000000118       0x70 ./Core/Src/stm32f7xx_it.o
 .debug_aranges
                0x0000000000000188       0x28 ./Core/Src/system_stm32f7xx.o
 .debug_aranges
                0x00000000000001b0       0x28 ./Core/Startup/startup_stm32f746nghx.o
 .debug_aranges
                0x00000000000001d8      0x100 ./Drivers/STM32F7xx_HAL_Driver/Src/stm32f7xx_hal.o
 .debug_aranges
                0x00000000000002d8      0x128 ./Drivers/STM32F7xx_HAL_Driver/Src/stm32f7xx_hal_cortex.o
 .debug_aranges
                0x0000000000000400       0x58 ./Drivers/STM32F7xx_HAL_Driver/Src/stm32f7xx_hal_gpio.o
 .debug_aranges
                0x0000000000000458      0x158 ./Drivers/STM32F7xx_HAL_Driver/Src/stm32f7xx_hal_ltdc.o
 .debug_aranges
                0x00000000000005b0       0x80 ./Drivers/STM32F7xx_HAL_Driver/Src/stm32f7xx_hal_pwr_ex.o
 .debug_aranges
                0x0000000000000630       0x88 ./Drivers/STM32F7xx_HAL_Driver/Src/stm32f7xx_hal_rcc.o
 .debug_aranges
                0x00000000000006b8       0x50 ./Drivers/STM32F7xx_HAL_Driver/Src/stm32f7xx_hal_rcc_ex.o

.debug_ranges   0x0000000000000000      0x650
 .debug_ranges  0x0000000000000000       0xd8 ./Core/Src/main.o
 .debug_ranges  0x00000000000000d8       0x20 ./Core/Src/stm32f7xx_hal_msp.o
 .debug_ranges  0x00000000000000f8       0x60 ./Core/Src/stm32f7xx_it.o
 .debug_ranges  0x0000000000000158       0x18 ./Core/Src/system_stm32f7xx.o
 .debug_ranges  0x0000000000000170       0x20 ./Core/Startup/startup_stm32f746nghx.o
 .debug_ranges  0x0000000000000190       0xf0 ./Drivers/STM32F7xx_HAL_Driver/Src/stm32f7xx_hal.o
 .debug_ranges  0x0000000000000280      0x118 ./Drivers/STM32F7xx_HAL_Driver/Src/stm32f7xx_hal_cortex.o
 .debug_ranges  0x0000000000000398       0x48 ./Drivers/STM32F7xx_HAL_Driver/Src/stm32f7xx_hal_gpio.o
 .debug_ranges  0x00000000000003e0      0x148 ./Drivers/STM32F7xx_HAL_Driver/Src/stm32f7xx_hal_ltdc.o
 .debug_ranges  0x0000000000000528       0x70 ./Drivers/STM32F7xx_HAL_Driver/Src/stm32f7xx_hal_pwr_ex.o
 .debug_ranges  0x0000000000000598       0x78 ./Drivers/STM32F7xx_HAL_Driver/Src/stm32f7xx_hal_rcc.o
 .debug_ranges  0x0000000000000610       0x40 ./Drivers/STM32F7xx_HAL_Driver/Src/stm32f7xx_hal_rcc_ex.o

.debug_macro    0x0000000000000000    0x24faf
 .debug_macro   0x0000000000000000      0x2f0 ./Core/Src/main.o
 .debug_macro   0x00000000000002f0      0xa78 ./Core/Src/main.o
 .debug_macro   0x0000000000000d68      0x28d ./Core/Src/main.o
 .debug_macro   0x0000000000000ff5       0x2e ./Core/Src/main.o
 .debug_macro   0x0000000000001023       0x3b ./Core/Src/main.o
 .debug_macro   0x000000000000105e       0x22 ./Core/Src/main.o
 .debug_macro   0x0000000000001080       0x8e ./Core/Src/main.o
 .debug_macro   0x000000000000110e       0x51 ./Core/Src/main.o
 .debug_macro   0x000000000000115f      0x103 ./Core/Src/main.o
 .debug_macro   0x0000000000001262       0x6a ./Core/Src/main.o
 .debug_macro   0x00000000000012cc      0x1df ./Core/Src/main.o
 .debug_macro   0x00000000000014ab       0x1c ./Core/Src/main.o
 .debug_macro   0x00000000000014c7       0x22 ./Core/Src/main.o
 .debug_macro   0x00000000000014e9       0xd9 ./Core/Src/main.o
 .debug_macro   0x00000000000015c2     0x12cd ./Core/Src/main.o
 .debug_macro   0x000000000000288f      0x11f ./Core/Src/main.o
 .debug_macro   0x00000000000029ae       0x19 ./Core/Src/main.o
 .debug_macro   0x00000000000029c7    0x19222 ./Core/Src/main.o
 .debug_macro   0x000000000001bbe9       0x6d ./Core/Src/main.o
 .debug_macro   0x000000000001bc56     0x3765 ./Core/Src/main.o
 .debug_macro   0x000000000001f3bb      0x174 ./Core/Src/main.o
 .debug_macro   0x000000000001f52f       0x63 ./Core/Src/main.o
 .debug_macro   0x000000000001f592     0x18ad ./Core/Src/main.o
 .debug_macro   0x0000000000020e3f      0x6c4 ./Core/Src/main.o
 .debug_macro   0x0000000000021503      0x185 ./Core/Src/main.o
 .debug_macro   0x0000000000021688      0x115 ./Core/Src/main.o
 .debug_macro   0x000000000002179d      0x1fd ./Core/Src/main.o
 .debug_macro   0x000000000002199a       0xa5 ./Core/Src/main.o
 .debug_macro   0x0000000000021a3f      0x24f ./Core/Src/main.o
 .debug_macro   0x0000000000021c8e       0x41 ./Core/Src/main.o
 .debug_macro   0x0000000000021ccf       0x58 ./Core/Src/main.o
 .debug_macro   0x0000000000021d27      0x236 ./Core/Src/main.o
 .debug_macro   0x0000000000021f5d      0x14e ./Core/Src/main.o
 .debug_macro   0x00000000000220ab      0x25a ./Core/Src/main.o
 .debug_macro   0x0000000000022305       0x12 ./Core/Src/main.o
 .debug_macro   0x0000000000022317      0x22c ./Core/Src/main.o
 .debug_macro   0x0000000000022543       0x61 ./Core/Src/main.o
 .debug_macro   0x00000000000225a4       0xa5 ./Core/Src/main.o
 .debug_macro   0x0000000000022649      0x198 ./Core/Src/main.o
 .debug_macro   0x00000000000227e1       0xd6 ./Core/Src/main.o
 .debug_macro   0x00000000000228b7      0x12e ./Core/Src/main.o
 .debug_macro   0x00000000000229e5      0x108 ./Core/Src/main.o
 .debug_macro   0x0000000000022aed       0x35 ./Core/Src/main.o
 .debug_macro   0x0000000000022b22      0x14d ./Core/Src/main.o
 .debug_macro   0x0000000000022c6f      0x89c ./Core/Src/main.o
 .debug_macro   0x000000000002350b       0x58 ./Core/Src/main.o
 .debug_macro   0x0000000000023563       0x10 ./Core/Src/main.o
 .debug_macro   0x0000000000023573       0x52 ./Core/Src/main.o
 .debug_macro   0x00000000000235c5       0x1e ./Core/Src/main.o
 .debug_macro   0x00000000000235e3       0x3c ./Core/Src/main.o
 .debug_macro   0x000000000002361f       0x34 ./Core/Src/main.o
 .debug_macro   0x0000000000023653       0x16 ./Core/Src/main.o
 .debug_macro   0x0000000000023669       0x43 ./Core/Src/main.o
 .debug_macro   0x00000000000236ac       0x34 ./Core/Src/main.o
 .debug_macro   0x00000000000236e0       0x10 ./Core/Src/main.o
 .debug_macro   0x00000000000236f0       0x58 ./Core/Src/main.o
 .debug_macro   0x0000000000023748       0x71 ./Core/Src/main.o
 .debug_macro   0x00000000000237b9       0x1c ./Core/Src/main.o
 .debug_macro   0x00000000000237d5      0x12a ./Core/Src/main.o
 .debug_macro   0x00000000000238ff      0x341 ./Core/Src/main.o
 .debug_macro   0x0000000000023c40       0x10 ./Core/Src/main.o
 .debug_macro   0x0000000000023c50       0x35 ./Core/Src/main.o
 .debug_macro   0x0000000000023c85       0x20 ./Core/Src/main.o
 .debug_macro   0x0000000000023ca5       0x10 ./Core/Src/main.o
 .debug_macro   0x0000000000023cb5       0x1c ./Core/Src/main.o
 .debug_macro   0x0000000000023cd1      0x1e3 ./Core/Src/stm32f7xx_hal_msp.o
 .debug_macro   0x0000000000023eb4      0x1ed ./Core/Src/stm32f7xx_it.o
 .debug_macro   0x00000000000240a1      0x1d4 ./Core/Src/system_stm32f7xx.o
 .debug_macro   0x0000000000024275      0x1f8 ./Drivers/STM32F7xx_HAL_Driver/Src/stm32f7xx_hal.o
 .debug_macro   0x000000000002446d      0x1d4 ./Drivers/STM32F7xx_HAL_Driver/Src/stm32f7xx_hal_cortex.o
 .debug_macro   0x0000000000024641      0x1da ./Drivers/STM32F7xx_HAL_Driver/Src/stm32f7xx_hal_gpio.o
 .debug_macro   0x000000000002481b      0x1dc ./Drivers/STM32F7xx_HAL_Driver/Src/stm32f7xx_hal_ltdc.o
 .debug_macro   0x00000000000249f7      0x1ec ./Drivers/STM32F7xx_HAL_Driver/Src/stm32f7xx_hal_pwr_ex.o
 .debug_macro   0x0000000000024be3      0x1f8 ./Drivers/STM32F7xx_HAL_Driver/Src/stm32f7xx_hal_rcc.o
 .debug_macro   0x0000000000024ddb      0x1d4 ./Drivers/STM32F7xx_HAL_Driver/Src/stm32f7xx_hal_rcc_ex.o

.debug_line     0x0000000000000000     0x98a6
 .debug_line    0x0000000000000000     0x23da ./Core/Src/main.o
 .debug_line    0x00000000000023da      0x77f ./Core/Src/stm32f7xx_hal_msp.o
 .debug_line    0x0000000000002b59      0x7bc ./Core/Src/stm32f7xx_it.o
 .debug_line    0x0000000000003315      0x745 ./Core/Src/system_stm32f7xx.o
 .debug_line    0x0000000000003a5a       0x88 ./Core/Startup/startup_stm32f746nghx.o
 .debug_line    0x0000000000003ae2      0x9d6 ./Drivers/STM32F7xx_HAL_Driver/Src/stm32f7xx_hal.o
 .debug_line    0x00000000000044b8      0xc8a ./Drivers/STM32F7xx_HAL_Driver/Src/stm32f7xx_hal_cortex.o
 .debug_line    0x0000000000005142      0xb50 ./Drivers/STM32F7xx_HAL_Driver/Src/stm32f7xx_hal_gpio.o
 .debug_line    0x0000000000005c92     0x16e0 ./Drivers/STM32F7xx_HAL_Driver/Src/stm32f7xx_hal_ltdc.o
 .debug_line    0x0000000000007372      0x94b ./Drivers/STM32F7xx_HAL_Driver/Src/stm32f7xx_hal_pwr_ex.o
 .debug_line    0x0000000000007cbd      0xe17 ./Drivers/STM32F7xx_HAL_Driver/Src/stm32f7xx_hal_rcc.o
 .debug_line    0x0000000000008ad4      0xdd2 ./Drivers/STM32F7xx_HAL_Driver/Src/stm32f7xx_hal_rcc_ex.o

.debug_str      0x0000000000000000    0xe41a1
 .debug_str     0x0000000000000000    0xe241d ./Core/Src/main.o
                                      0xe2bbc (size before relaxing)
 .debug_str     0x00000000000e241d      0x893 ./Core/Src/stm32f7xx_hal_msp.o
                                      0xdf84d (size before relaxing)
 .debug_str     0x00000000000e2cb0       0xf0 ./Core/Src/stm32f7xx_it.o
                                      0xdef16 (size before relaxing)
 .debug_str     0x00000000000e2da0      0x1a4 ./Core/Src/system_stm32f7xx.o
                                      0xdce07 (size before relaxing)
 .debug_str     0x00000000000e2f44       0x36 ./Core/Startup/startup_stm32f746nghx.o
                                         0x6f (size before relaxing)
 .debug_str     0x00000000000e2f7a      0x400 ./Drivers/STM32F7xx_HAL_Driver/Src/stm32f7xx_hal.o
                                      0xdd770 (size before relaxing)
 .debug_str     0x00000000000e337a      0x356 ./Drivers/STM32F7xx_HAL_Driver/Src/stm32f7xx_hal_cortex.o
                                      0xdd78d (size before relaxing)
 .debug_str     0x00000000000e36d0       0xf9 ./Drivers/STM32F7xx_HAL_Driver/Src/stm32f7xx_hal_gpio.o
                                      0xdcec5 (size before relaxing)
 .debug_str     0x00000000000e37c9      0x46e ./Drivers/STM32F7xx_HAL_Driver/Src/stm32f7xx_hal_ltdc.o
                                      0xdd398 (size before relaxing)
 .debug_str     0x00000000000e3c37      0x1d1 ./Drivers/STM32F7xx_HAL_Driver/Src/stm32f7xx_hal_pwr_ex.o
                                      0xdd076 (size before relaxing)
 .debug_str     0x00000000000e3e08      0x252 ./Drivers/STM32F7xx_HAL_Driver/Src/stm32f7xx_hal_rcc.o
                                      0xdd169 (size before relaxing)
 .debug_str     0x00000000000e405a      0x147 ./Drivers/STM32F7xx_HAL_Driver/Src/stm32f7xx_hal_rcc_ex.o
                                      0xdd0a1 (size before relaxing)

.comment        0x0000000000000000       0x50
 .comment       0x0000000000000000       0x50 ./Core/Src/main.o
                                         0x51 (size before relaxing)
 .comment       0x0000000000000050       0x51 ./Core/Src/stm32f7xx_hal_msp.o
 .comment       0x0000000000000050       0x51 ./Core/Src/stm32f7xx_it.o
 .comment       0x0000000000000050       0x51 ./Core/Src/system_stm32f7xx.o
 .comment       0x0000000000000050       0x51 ./Drivers/STM32F7xx_HAL_Driver/Src/stm32f7xx_hal.o
 .comment       0x0000000000000050       0x51 ./Drivers/STM32F7xx_HAL_Driver/Src/stm32f7xx_hal_cortex.o
 .comment       0x0000000000000050       0x51 ./Drivers/STM32F7xx_HAL_Driver/Src/stm32f7xx_hal_gpio.o
 .comment       0x0000000000000050       0x51 ./Drivers/STM32F7xx_HAL_Driver/Src/stm32f7xx_hal_ltdc.o
 .comment       0x0000000000000050       0x51 ./Drivers/STM32F7xx_HAL_Driver/Src/stm32f7xx_hal_pwr_ex.o
 .comment       0x0000000000000050       0x51 ./Drivers/STM32F7xx_HAL_Driver/Src/stm32f7xx_hal_rcc.o
 .comment       0x0000000000000050       0x51 ./Drivers/STM32F7xx_HAL_Driver/Src/stm32f7xx_hal_rcc_ex.o

.debug_frame    0x0000000000000000     0x1b60
 .debug_frame   0x0000000000000000      0x3c0 ./Core/Src/main.o
 .debug_frame   0x00000000000003c0       0x84 ./Core/Src/stm32f7xx_hal_msp.o
 .debug_frame   0x0000000000000444      0x13c ./Core/Src/stm32f7xx_it.o
 .debug_frame   0x0000000000000580       0x58 ./Core/Src/system_stm32f7xx.o
 .debug_frame   0x00000000000005d8      0x3b4 ./Drivers/STM32F7xx_HAL_Driver/Src/stm32f7xx_hal.o
 .debug_frame   0x000000000000098c      0x4e8 ./Drivers/STM32F7xx_HAL_Driver/Src/stm32f7xx_hal_cortex.o
 .debug_frame   0x0000000000000e74      0x14c ./Drivers/STM32F7xx_HAL_Driver/Src/stm32f7xx_hal_gpio.o
 .debug_frame   0x0000000000000fc0      0x61c ./Drivers/STM32F7xx_HAL_Driver/Src/stm32f7xx_hal_ltdc.o
 .debug_frame   0x00000000000015dc      0x1c8 ./Drivers/STM32F7xx_HAL_Driver/Src/stm32f7xx_hal_pwr_ex.o
 .debug_frame   0x00000000000017a4      0x1f8 ./Drivers/STM32F7xx_HAL_Driver/Src/stm32f7xx_hal_rcc.o
 .debug_frame   0x000000000000199c      0x118 ./Drivers/STM32F7xx_HAL_Driver/Src/stm32f7xx_hal_rcc_ex.o
 .debug_frame   0x0000000000001ab4       0x2c /home/adivanced/st/stm32cubeide_1.12.0/plugins/com.st.stm32cube.ide.mcu.externaltools.gnu-tools-for-stm32.10.3-2021.10.linux64_1.0.200.202301161003/tools/bin/../lib/gcc/arm-none-eabi/10.3.1/../../../../arm-none-eabi/lib/thumb/v7e-m+fp/hard/libc_nano.a(lib_a-init.o)
 .debug_frame   0x0000000000001ae0       0x20 /home/adivanced/st/stm32cubeide_1.12.0/plugins/com.st.stm32cube.ide.mcu.externaltools.gnu-tools-for-stm32.10.3-2021.10.linux64_1.0.200.202301161003/tools/bin/../lib/gcc/arm-none-eabi/10.3.1/../../../../arm-none-eabi/lib/thumb/v7e-m+fp/hard/libc_nano.a(lib_a-memset.o)
 .debug_frame   0x0000000000001b00       0x2c /home/adivanced/st/stm32cubeide_1.12.0/plugins/com.st.stm32cube.ide.mcu.externaltools.gnu-tools-for-stm32.10.3-2021.10.linux64_1.0.200.202301161003/tools/bin/../lib/gcc/arm-none-eabi/10.3.1/thumb/v7e-m+fp/hard/libgcc.a(_aeabi_uldivmod.o)
 .debug_frame   0x0000000000001b2c       0x34 /home/adivanced/st/stm32cubeide_1.12.0/plugins/com.st.stm32cube.ide.mcu.externaltools.gnu-tools-for-stm32.10.3-2021.10.linux64_1.0.200.202301161003/tools/bin/../lib/gcc/arm-none-eabi/10.3.1/thumb/v7e-m+fp/hard/libgcc.a(_udivmoddi4.o)
