/home/adivanced/Documents/STM32Projects/LwIP_HTTP_Server_Netconn_RTOS/Src/ethernetif.c:577:9:ETH_PHY_IO_DeInit	0	static
/home/adivanced/Documents/STM32Projects/LwIP_HTTP_Server_Netconn_RTOS/Src/ethernetif.c:277:14:low_level_output	64	static
/home/adivanced/Documents/STM32Projects/LwIP_HTTP_Server_Netconn_RTOS/Src/ethernetif.c:756:6:RMII_Thread	8	static
/home/adivanced/Documents/STM32Projects/LwIP_HTTP_Server_Netconn_RTOS/Src/ethernetif.c:620:9:ETH_PHY_IO_GetTick	0	static
/home/adivanced/Documents/STM32Projects/LwIP_HTTP_Server_Netconn_RTOS/Src/ethernetif.c:560:9:ETH_PHY_IO_Init	8	static
/home/adivanced/Documents/STM32Projects/LwIP_HTTP_Server_Netconn_RTOS/Src/ethernetif.c:589:9:ETH_PHY_IO_ReadReg	8	static
/home/adivanced/Documents/STM32Projects/LwIP_HTTP_Server_Netconn_RTOS/Src/ethernetif.c:606:9:ETH_PHY_IO_WriteReg	8	static
/home/adivanced/Documents/STM32Projects/LwIP_HTTP_Server_Netconn_RTOS/Src/ethernetif.c:440:6:pbuf_free_custom	8	static
/home/adivanced/Documents/STM32Projects/LwIP_HTTP_Server_Netconn_RTOS/Src/ethernetif.c:366:13:ethernetif_input	32	static
/home/adivanced/Documents/STM32Projects/LwIP_HTTP_Server_Netconn_RTOS/Src/ethernetif.c:403:7:ethernetif_init	176	static
/home/adivanced/Documents/STM32Projects/LwIP_HTTP_Server_Netconn_RTOS/Src/ethernetif.c:458:7:sys_now	0	static
/home/adivanced/Documents/STM32Projects/LwIP_HTTP_Server_Netconn_RTOS/Src/ethernetif.c:471:6:HAL_ETH_MspInit	64	static
/home/adivanced/Documents/STM32Projects/LwIP_HTTP_Server_Netconn_RTOS/Src/ethernetif.c:524:6:HAL_ETH_RxCpltCallback	0	static
/home/adivanced/Documents/STM32Projects/LwIP_HTTP_Server_Netconn_RTOS/Src/ethernetif.c:534:6:HAL_ETH_TxCpltCallback	0	static
/home/adivanced/Documents/STM32Projects/LwIP_HTTP_Server_Netconn_RTOS/Src/ethernetif.c:544:6:HAL_ETH_ErrorCallback	8	static
/home/adivanced/Documents/STM32Projects/LwIP_HTTP_Server_Netconn_RTOS/Src/ethernetif.c:630:6:ethernet_link_thread	136	static
/home/adivanced/Documents/STM32Projects/LwIP_HTTP_Server_Netconn_RTOS/Src/ethernetif.c:693:6:HAL_ETH_RxAllocateCallback	16	static
/home/adivanced/Documents/STM32Projects/LwIP_HTTP_Server_Netconn_RTOS/Src/ethernetif.c:713:6:HAL_ETH_RxLinkCallback	12	static
/home/adivanced/Documents/STM32Projects/LwIP_HTTP_Server_Netconn_RTOS/Src/ethernetif.c:746:6:HAL_ETH_TxFreeCallback	0	static
