../../../Inc/disp.h:18:6:print_square	32	static
../../../Inc/disp.h:27:6:print_square_empty	48	static
../../../Inc/disp.h:43:6:print_rectangle	32	static
../../../Inc/disp.h:52:6:print_rectangle_empty	48	static
../../../Inc/disp.h:69:6:print_char	48	static
../../../Inc/disp.h:110:6:print_char_scaled	80	static
../../../Inc/disp.h:167:6:print_char_scaled_y	64	static
../../../Inc/disp.h:220:6:print_string	24	static
../../../Inc/disp.h:229:6:print_string_scaled	40	static
../../../Inc/disp.h:238:6:print_string_scaled_y	40	static
../../../Inc/disp.h:257:6:fill_screen	16	static
../../../Inc/disp.h:265:6:print_number	48	static
../../../Inc/keyboard.h:29:6:keyboard_GPIO_init	48	static
../../../Inc/keyboard.h:70:6:get_current_keyboard_state	8	static
../../../Inc/spinner.h:19:6:spinner_GPIO_init	32	static
../../../Inc/spinner.h:40:6:get_current_spinner_button_state	8	static
../../../Inc/spinner.h:59:6:get_spinner_position_change	8	static
../../../Inc/switch.h:9:6:switch_GPIO_init	32	static
../../../Inc/switch.h:19:6:get_current_switch_state	8	static
../../../Inc/logic.h:148:6:print_fat_rectangle	24	static
../../../Inc/logic.h:163:6:state_machine	40	static
../../../Inc/modbus.h:29:9:get_coil_val	0	static
../../../Inc/modbus.h:49:10:get_holding_reg_val	24	static
../../../Inc/modbus.h:140:10:nmbs_crc_calc	12	static
../../../Inc/modbus.h:158:10:mb_process	16	static
../../../Inc/ether.h:15:5:tcp_ether_init	16	static
/home/adivanced/Documents/STM32Projects/LwIP_HTTP_Server_Netconn_RTOS/Src/main.c:114:13:StartThread	56	static
../../../Inc/ether.h:33:6:state_ether	24	static
/home/adivanced/Documents/STM32Projects/LwIP_HTTP_Server_Netconn_RTOS/Src/main.c:65:5:main	112	static,ignoring_inline_asm
