/home/adivanced/Documents/STM32Projects/LwIP_HTTP_Server_Netconn_RTOS/Drivers/BSP/STM32746G-Discovery/stm32746g_discovery_sdram.c:206:6:BSP_SDRAM_Initialization_sequence	40	static
/home/adivanced/Documents/STM32Projects/LwIP_HTTP_Server_Netconn_RTOS/Drivers/BSP/STM32746G-Discovery/stm32746g_discovery_sdram.c:268:9:BSP_SDRAM_ReadData	8	static
/home/adivanced/Documents/STM32Projects/LwIP_HTTP_Server_Netconn_RTOS/Drivers/BSP/STM32746G-Discovery/stm32746g_discovery_sdram.c:287:9:BSP_SDRAM_ReadData_DMA	8	static
/home/adivanced/Documents/STM32Projects/LwIP_HTTP_Server_Netconn_RTOS/Drivers/BSP/STM32746G-Discovery/stm32746g_discovery_sdram.c:306:9:BSP_SDRAM_WriteData	8	static
/home/adivanced/Documents/STM32Projects/LwIP_HTTP_Server_Netconn_RTOS/Drivers/BSP/STM32746G-Discovery/stm32746g_discovery_sdram.c:325:9:BSP_SDRAM_WriteData_DMA	8	static
/home/adivanced/Documents/STM32Projects/LwIP_HTTP_Server_Netconn_RTOS/Drivers/BSP/STM32746G-Discovery/stm32746g_discovery_sdram.c:342:9:BSP_SDRAM_Sendcmd	8	static
/home/adivanced/Documents/STM32Projects/LwIP_HTTP_Server_Netconn_RTOS/Drivers/BSP/STM32746G-Discovery/stm32746g_discovery_sdram.c:360:13:BSP_SDRAM_MspInit	72	static
/home/adivanced/Documents/STM32Projects/LwIP_HTTP_Server_Netconn_RTOS/Drivers/BSP/STM32746G-Discovery/stm32746g_discovery_sdram.c:131:9:BSP_SDRAM_Init	8	static
/home/adivanced/Documents/STM32Projects/LwIP_HTTP_Server_Netconn_RTOS/Drivers/BSP/STM32746G-Discovery/stm32746g_discovery_sdram.c:451:13:BSP_SDRAM_MspDeInit	8	static
/home/adivanced/Documents/STM32Projects/LwIP_HTTP_Server_Netconn_RTOS/Drivers/BSP/STM32746G-Discovery/stm32746g_discovery_sdram.c:180:9:BSP_SDRAM_DeInit	16	static
