../Core/Src/keyboard.h:29:6:keyboard_GPIO_init	32	static
../Core/Src/keyboard.h:70:6:get_current_keyboard_state	8	static
../Core/Src/spinner.h:19:6:spinner_GPIO_init	32	static
../Core/Src/spinner.h:40:6:get_current_spinner_button_state	16	static
../Core/Src/spinner.h:59:6:get_spinner_position_change	8	static
../Core/Src/switch.h:9:6:switch_GPIO_init	32	static
../Core/Src/switch.h:19:6:get_current_switch_state	16	static
../Core/Src/disp.h:14:6:print_square	32	static
../Core/Src/disp.h:22:6:print_square_empty	32	static
../Core/Src/disp.h:35:6:print_rectangle	32	static
../Core/Src/disp.h:43:6:print_rectangle_empty	32	static
../Core/Src/disp.h:57:6:print_char	64	static
../Core/Src/disp.h:94:6:print_char_scaled	96	static
../Core/Src/disp.h:147:6:print_char_scaled_y	80	static
../Core/Src/disp.h:191:6:print_string	32	static
../Core/Src/disp.h:200:6:print_string_scaled	40	static
../Core/Src/disp.h:209:6:print_string_scaled_y	40	static
../Core/Src/disp.h:228:6:fill_screen	24	static
../Core/Src/disp.h:231:6:print_number	40	static
../Core/Src/logic.h:145:6:print_fat_rectangle	40	static
../Core/Src/logic.h:163:6:state_machine	32	static
../Core/Inc/ether.h:13:5:tcp_ether_init	16	static
../Core/Inc/ether.h:31:6:state_ether	24	static
../Core/Src/main.c:68:6:inf_loop	8	static
../Core/Src/main.c:98:5:main	8	static
../Core/Src/main.c:191:6:SystemClock_Config	88	static
../Core/Src/main.c:238:13:MX_LTDC_Init	64	static
../Core/Src/main.c:300:13:MX_GPIO_Init	72	static
../Core/Src/main.c:766:6:StartDefaultTask	16	static
../Core/Src/main.c:794:6:StartTaskEtherStates	16	static
../Core/Src/main.c:819:6:HAL_TIM_PeriodElapsedCallback	16	static
../Core/Src/main.c:836:6:Error_Handler	4	static,ignoring_inline_asm
